this is log added in feature1